This is pdfTeX, Version 3.141592653-2.6-1.40.28 (MiKTeX 25.12) (preloaded format=pdflatex 2026.6.1)  22 SEP 2026 17:46
entering extended mode
 restricted \write18 enabled.
 %&-line parsing enabled.
**./main.tex
(main.tex
LaTeX2e <2025-11-01>
L3 programming layer <2025-12-24>
(C:\Users\Windows\AppData\Local\Programs\MiKTeX\tex/latex/base\article.cls
Document Class: article 2025/01/22 v1.4n Standard LaTeX document class
(C:\Users\Windows\AppData\Local\Programs\MiKTeX\tex/latex/base\size12.clo
File: size12.clo 2025/01/22 v1.4n Standard LaTeX file (size option)
)
\c@part=\count275
\c@section=\count276
\c@subsection=\count277
\c@subsubsection=\count278
\c@paragraph=\count279
\c@subparagraph=\count280
\c@figure=\count281
\c@table=\count282
\abovecaptionskip=\skip49
\belowcaptionskip=\skip50
\bibindent=\dimen148
)
(C:\Users\Windows\AppData\Local\Programs\MiKTeX\tex/latex/graphics\graphicx.sty
Package: graphicx 2024/12/31 v1.2e Enhanced LaTeX Graphics (DPC,SPQR)
(C:\Users\Windows\AppData\Local\Programs\MiKTeX\tex/latex/graphics\keyval.sty
Package: keyval 2022/05/29 v1.15 key=value parser (DPC)
\KV@toks@=\toks17
)
(C:\Users\Windows\AppData\Local\Programs\MiKTeX\tex/latex/graphics\graphics.sty
Package: graphics 2024/08/06 v1.4g Standard LaTeX Graphics (DPC,SPQR)
(C:\Users\Windows\AppData\Local\Programs\MiKTeX\tex/latex/graphics\trig.sty
Package: trig 2023/12/02 v1.11 sin cos tan (DPC)
)
(C:\Users\Windows\AppData\Local\Programs\MiKTeX\tex/latex/graphics-cfg\graphics
.cfg
File: graphics.cfg 2016/06/04 v1.11 sample graphics configuration
)
Package graphics Info: Driver file: pdftex.def on input line 106.

(C:\Users\Windows\AppData\Local\Programs\MiKTeX\tex/latex/graphics-def\pdftex.d
ef
File: pdftex.def 2025/09/29 v1.2d Graphics/color driver for pdftex
))
\Gin@req@height=\dimen149
\Gin@req@width=\dimen150
)
(C:\Users\Windows\AppData\Local\Programs\MiKTeX\tex/latex/biblatex\biblatex.sty
Package: biblatex 2025/07/10 v3.21 programmable bibliographies (PK/MW)

(C:\Users\Windows\AppData\Local\Programs\MiKTeX\tex/generic/pdftexcmds\pdftexcm
ds.sty
Package: pdftexcmds 2020-06-27 v0.33 Utility functions of pdfTeX for LuaTeX (HO
)

(C:\Users\Windows\AppData\Local\Programs\MiKTeX\tex/generic/infwarerr\infwarerr
.sty
Package: infwarerr 2019/12/03 v1.5 Providing info/warning/error messages (HO)
)
(C:\Users\Windows\AppData\Local\Programs\MiKTeX\tex/generic/iftex\iftex.sty
Package: iftex 2024/12/12 v1.0g TeX engine tests
)
(C:\Users\Windows\AppData\Local\Programs\MiKTeX\tex/generic/ltxcmds\ltxcmds.sty
Package: ltxcmds 2023-12-04 v1.26 LaTeX kernel commands for general use (HO)
)
Package pdftexcmds Info: \pdf@primitive is available.
Package pdftexcmds Info: \pdf@ifprimitive is available.
Package pdftexcmds Info: \pdfdraftmode found.
)
(C:\Users\Windows\AppData\Local\Programs\MiKTeX\tex/latex/etoolbox\etoolbox.sty
Package: etoolbox 2025/10/02 v2.5m e-TeX tools for LaTeX (JAW)
\etb@tempcnta=\count283
)
(C:\Users\Windows\AppData\Local\Programs\MiKTeX\tex/latex/kvoptions\kvoptions.s
ty
Package: kvoptions 2022-06-15 v3.15 Key value format for package options (HO)

(C:\Users\Windows\AppData\Local\Programs\MiKTeX\tex/latex/kvsetkeys\kvsetkeys.s
ty
Package: kvsetkeys 2022-10-05 v1.19 Key value parser (HO)
))
(C:\Users\Windows\AppData\Local\Programs\MiKTeX\tex/latex/logreq\logreq.sty
Package: logreq 2010/08/04 v1.0 xml request logger
\lrq@indent=\count284

(C:\Users\Windows\AppData\Local\Programs\MiKTeX\tex/latex/logreq\logreq.def
File: logreq.def 2010/08/04 v1.0 logreq spec v1.0
))
(C:\Users\Windows\AppData\Local\Programs\MiKTeX\tex/latex/base\ifthen.sty
Package: ifthen 2024/03/16 v1.1e Standard LaTeX ifthen package (DPC)
)
(C:\Users\Windows\AppData\Local\Programs\MiKTeX\tex/latex/url\url.sty
\Urlmuskip=\muskip17
Package: url 2013/09/16  ver 3.4  Verb mode for urls, etc.
)
\c@tabx@nest=\count285
\c@listtotal=\count286
\c@listcount=\count287
\c@liststart=\count288
\c@liststop=\count289
\c@citecount=\count290
\c@citetotal=\count291
\c@multicitecount=\count292
\c@multicitetotal=\count293
\c@instcount=\count294
\c@maxnames=\count295
\c@minnames=\count296
\c@maxitems=\count297
\c@minitems=\count298
\c@citecounter=\count299
\c@maxcitecounter=\count300
\c@savedcitecounter=\count301
\c@uniquelist=\count302
\c@uniquename=\count303
\c@refsection=\count304
\c@refsegment=\count305
\c@maxextratitle=\count306
\c@maxextratitleyear=\count307
\c@maxextraname=\count308
\c@maxextradate=\count309
\c@maxextraalpha=\count310
\c@abbrvpenalty=\count311
\c@highnamepenalty=\count312
\c@lownamepenalty=\count313
\c@maxparens=\count314
\c@parenlevel=\count315
\blx@tempcnta=\count316
\blx@tempcntb=\count317
\blx@tempcntc=\count318
\c@blx@maxsection=\count319
\blx@maxsegment@0=\count320
\blx@notetype=\count321
\blx@parenlevel@text=\count322
\blx@parenlevel@foot=\count323
\blx@sectionciteorder@0=\count324
\blx@sectionciteorderinternal@0=\count325
\blx@entrysetcounter=\count326
\blx@biblioinstance=\count327
\labelnumberwidth=\skip51
\labelalphawidth=\skip52
\biblabelsep=\skip53
\bibitemsep=\skip54
\bibnamesep=\skip55
\bibinitsep=\skip56
\bibparsep=\skip57
\bibhang=\skip58
\blx@bcfin=\read2
\blx@bcfout=\write3
\blx@langwohyphens=\language79
\c@mincomprange=\count328
\c@maxcomprange=\count329
\c@mincompwidth=\count330
Package biblatex Info: Trying to load biblatex default data model...
Package biblatex Info: ... file 'blx-dm.def' found.

(C:\Users\Windows\AppData\Local\Programs\MiKTeX\tex/latex/biblatex\blx-dm.def
File: blx-dm.def 2025/07/10 v3.21 biblatex datamodel (PK/MW)
)
Package biblatex Info: Trying to load biblatex custom data model...
Package biblatex Info: ... file 'biblatex-dm.cfg' not found.
\c@afterword=\count331
\c@savedafterword=\count332
\c@annotator=\count333
\c@savedannotator=\count334
\c@author=\count335
\c@savedauthor=\count336
\c@bookauthor=\count337
\c@savedbookauthor=\count338
\c@commentator=\count339
\c@savedcommentator=\count340
\c@editor=\count341
\c@savededitor=\count342
\c@editora=\count343
\c@savededitora=\count344
\c@editorb=\count345
\c@savededitorb=\count346
\c@editorc=\count347
\c@savededitorc=\count348
\c@foreword=\count349
\c@savedforeword=\count350
\c@holder=\count351
\c@savedholder=\count352
\c@introduction=\count353
\c@savedintroduction=\count354
\c@namea=\count355
\c@savednamea=\count356
\c@nameb=\count357
\c@savednameb=\count358
\c@namec=\count359
\c@savednamec=\count360
\c@translator=\count361
\c@savedtranslator=\count362
\c@shortauthor=\count363
\c@savedshortauthor=\count364
\c@shorteditor=\count365
\c@savedshorteditor=\count366
\c@labelname=\count367
\c@savedlabelname=\count368
\c@institution=\count369
\c@savedinstitution=\count370
\c@lista=\count371
\c@savedlista=\count372
\c@listb=\count373
\c@savedlistb=\count374
\c@listc=\count375
\c@savedlistc=\count376
\c@listd=\count377
\c@savedlistd=\count378
\c@liste=\count379
\c@savedliste=\count380
\c@listf=\count381
\c@savedlistf=\count382
\c@location=\count383
\c@savedlocation=\count384
\c@organization=\count385
\c@savedorganization=\count386
\c@origlocation=\count387
\c@savedoriglocation=\count388
\c@origpublisher=\count389
\c@savedorigpublisher=\count390
\c@publisher=\count391
\c@savedpublisher=\count392
\c@language=\count393
\c@savedlanguage=\count394
\c@origlanguage=\count395
\c@savedoriglanguage=\count396
\c@pageref=\count397
\c@savedpageref=\count398
\shorthandwidth=\skip59
\shortjournalwidth=\skip60
\shortserieswidth=\skip61
\shorttitlewidth=\skip62
\shortauthorwidth=\skip63
\shorteditorwidth=\skip64
\locallabelnumberwidth=\skip65
\locallabelalphawidth=\skip66
\localshorthandwidth=\skip67
\localshortjournalwidth=\skip68
\localshortserieswidth=\skip69
\localshorttitlewidth=\skip70
\localshortauthorwidth=\skip71
\localshorteditorwidth=\skip72
Package biblatex Info: Trying to load compatibility code...
Package biblatex Info: ... file 'blx-compat.def' found.

(C:\Users\Windows\AppData\Local\Programs\MiKTeX\tex/latex/biblatex\blx-compat.d
ef
File: blx-compat.def 2025/07/10 v3.21 biblatex compatibility (PK/MW)
)
Package biblatex Info: Trying to load generic definitions...
Package biblatex Info: ... file 'biblatex.def' found.

(C:\Users\Windows\AppData\Local\Programs\MiKTeX\tex/latex/biblatex\biblatex.def
File: biblatex.def 2025/07/10 v3.21 biblatex compatibility (PK/MW)
\c@textcitecount=\count399
\c@textcitetotal=\count400
\c@textcitemaxnames=\count401
\c@biburlbigbreakpenalty=\count402
\c@biburlbreakpenalty=\count403
\c@biburlnumpenalty=\count404
\c@biburlucpenalty=\count405
\c@biburllcpenalty=\count406
\biburlbigskip=\muskip18
\biburlnumskip=\muskip19
\biburlucskip=\muskip20
\biburllcskip=\muskip21
\c@smartand=\count407
)
Package biblatex Info: Trying to load bibliography style 'numeric'...
Package biblatex Info: ... file 'numeric.bbx' found.

(C:\Users\Windows\AppData\Local\Programs\MiKTeX\tex/latex/biblatex/bbx\numeric.
bbx
File: numeric.bbx 2025/07/10 v3.21 biblatex bibliography style (PK/MW)
Package biblatex Info: Trying to load bibliography style 'standard'...
Package biblatex Info: ... file 'standard.bbx' found.

(C:\Users\Windows\AppData\Local\Programs\MiKTeX\tex/latex/biblatex/bbx\standard
.bbx
File: standard.bbx 2025/07/10 v3.21 biblatex bibliography style (PK/MW)
\c@bbx:relatedcount=\count408
\c@bbx:relatedtotal=\count409
))
Package biblatex Info: Trying to load citation style 'numeric'...
Package biblatex Info: ... file 'numeric.cbx' found.

(C:\Users\Windows\AppData\Local\Programs\MiKTeX\tex/latex/biblatex/cbx\numeric.
cbx
File: numeric.cbx 2025/07/10 v3.21 biblatex citation style (PK/MW)
Package biblatex Info: Redefining '\cite'.
Package biblatex Info: Redefining '\parencite'.
Package biblatex Info: Redefining '\footcite'.
Package biblatex Info: Redefining '\footcitetext'.
Package biblatex Info: Redefining '\smartcite'.
Package biblatex Info: Redefining '\supercite'.
Package biblatex Info: Redefining '\textcite'.
Package biblatex Info: Redefining '\textcites'.
Package biblatex Info: Redefining '\cites'.
Package biblatex Info: Redefining '\parencites'.
Package biblatex Info: Redefining '\smartcites'.
)
Package biblatex Info: Trying to load configuration file...
Package biblatex Info: ... file 'biblatex.cfg' found.

(C:\Users\Windows\AppData\Local\Programs\MiKTeX\tex/latex/biblatex\biblatex.cfg
File: biblatex.cfg 
)
Package biblatex Info: Input encoding 'utf8' detected.
Package biblatex Info: Document encoding is UTF8 ....
 (C:\Users\Windows\AppData\Local\Programs\MiKTeX\tex/latex/l3kernel\expl3.sty
Package: expl3 2025-12-24 L3 programming layer (loader) 

(C:\Users\Windows\AppData\Local\Programs\MiKTeX\tex/latex/l3backend\l3backend-p
dftex.def
File: l3backend-pdftex.def 2025-10-09 L3 backend support: PDF output (pdfTeX)
\l__color_backend_stack_int=\count410
))
Package biblatex Info: ... and expl3
(biblatex)             2025-12-24 L3 programming layer (loader) 
(biblatex)             is new enough (at least 2020/04/06),
(biblatex)             setting 'casechanger=expl3'.

(C:\Users\Windows\AppData\Local\Programs\MiKTeX\tex/latex/biblatex\blx-case-exp
l3.sty
(C:\Users\Windows\AppData\Local\Programs\MiKTeX\tex/latex/l3packages/xparse\xpa
rse.sty
Package: xparse 2025-10-09 L3 Experimental document command parser
)
Package: blx-case-expl3 2025/07/10 v3.21 expl3 case changing code for biblatex
))
(C:\Users\Windows\AppData\Local\Programs\MiKTeX\tex/latex/xcolor\xcolor.sty
Package: xcolor 2024/09/29 v3.02 LaTeX color extensions (UK)

(C:\Users\Windows\AppData\Local\Programs\MiKTeX\tex/latex/graphics-cfg\color.cf
g
File: color.cfg 2016/01/02 v1.6 sample color configuration
)
Package xcolor Info: Driver file: pdftex.def on input line 274.

(C:\Users\Windows\AppData\Local\Programs\MiKTeX\tex/latex/graphics\mathcolor.lt
x)
Package xcolor Info: Model `cmy' substituted by `cmy0' on input line 1349.
Package xcolor Info: Model `hsb' substituted by `rgb' on input line 1353.
Package xcolor Info: Model `RGB' extended on input line 1365.
Package xcolor Info: Model `HTML' substituted by `rgb' on input line 1367.
Package xcolor Info: Model `Hsb' substituted by `hsb' on input line 1368.
Package xcolor Info: Model `tHsb' substituted by `hsb' on input line 1369.
Package xcolor Info: Model `HSB' substituted by `hsb' on input line 1370.
Package xcolor Info: Model `Gray' substituted by `gray' on input line 1371.
Package xcolor Info: Model `wave' substituted by `hsb' on input line 1372.
) (C:\Users\Windows\AppData\Local\Programs\MiKTeX\tex/latex/float\float.sty
Package: float 2001/11/08 v1.3d Float enhancements (AL)
\c@float@type=\count411
\float@exts=\toks18
\float@box=\box53
\@float@everytoks=\toks19
\@floatcapt=\box54
)
(C:\Users\Windows\AppData\Local\Programs\MiKTeX\tex/latex/pdflscape\pdflscape.s
ty
Package: pdflscape 2022-10-27 v0.13 Display of landscape pages in PDF

(C:\Users\Windows\AppData\Local\Programs\MiKTeX\tex/latex/pdflscape\pdflscape-n
ometadata.sty
Package: pdflscape-nometadata 2022-10-28 v0.13 Display of landscape pages in PD
F (HO)

(C:\Users\Windows\AppData\Local\Programs\MiKTeX\tex/latex/graphics\lscape.sty
Package: lscape 2020/05/28 v3.02 Landscape Pages (DPC)
)
Package pdflscape Info: Auto-detected driver: pdftex on input line 81.
))
(C:\Users\Windows\AppData\Local\Programs\MiKTeX\tex/latex/graphics\rotating.sty
Package: rotating 2025/01/14 v2.16e rotated objects in LaTeX
\c@r@tfl@t=\count412
\rotFPtop=\skip73
\rotFPbot=\skip74
\rot@float@box=\box55
\rot@mess@toks=\toks20
)
(C:\Users\Windows\AppData\Local\Programs\MiKTeX\tex/latex/placeins\placeins.sty
Package: placeins 2005/04/18  v 2.2
) (C:\Users\Windows\AppData\Local\Programs\MiKTeX\tex/latex/svg\svg.sty
Package: svg 2020/11/26 v2.02k (include SVG pictures)

(C:\Users\Windows\AppData\Local\Programs\MiKTeX\tex/latex/koma-script\scrbase.s
ty
Package: scrbase 2026/02/02 v3.49.2 KOMA-Script package (KOMA-Script-independen
t basics and keyval usage)

(C:\Users\Windows\AppData\Local\Programs\MiKTeX\tex/latex/koma-script\scrlfile.
sty
Package: scrlfile 2026/02/02 v3.49.2 KOMA-Script package (file load hooks)

(C:\Users\Windows\AppData\Local\Programs\MiKTeX\tex/latex/koma-script\scrlfile-
hook.sty
Package: scrlfile-hook 2026/02/02 v3.49.2 KOMA-Script package (using LaTeX hook
s)

(C:\Users\Windows\AppData\Local\Programs\MiKTeX\tex/latex/koma-script\scrlogo.s
ty
Package: scrlogo 2026/02/02 v3.49.2 KOMA-Script package (logo)
)))
Applying: [2021/05/01] Usage of raw or classic option list on input line 254.
Already applied: [0000/00/00] Usage of raw or classic option list on input line
 370.
)
(C:\Users\Windows\AppData\Local\Programs\MiKTeX\tex/latex/trimspaces\trimspaces
.sty
Package: trimspaces 2009/09/17 v1.1 Trim spaces around a token list
)
(C:\Users\Windows\AppData\Local\Programs\MiKTeX\tex/latex/tools\shellesc.sty
Package: shellesc 2023/07/08 v1.0d unified shell escape interface for LaTeX
Package shellesc Info: Restricted shell escape enabled on input line 77.
)
\c@svg@param@lastpage=\count413
\svg@box=\box56
\c@svg@param@currpage=\count414
)
(C:\Users\Windows\AppData\Local\Programs\MiKTeX\tex/latex/transparent\transpare
nt.sty
Package: transparent 2025-06-23 v1.6 Transparency with color stacks

(C:\Users\Windows\AppData\Local\Programs\MiKTeX\tex/latex/transparent\transpare
nt-nometadata.sty
Package: transparent-nometadata 2025-06-23 v1.6 Transparency via pdfTeX's color
 stack (HO)

(C:\Users\Windows\AppData\Local\Programs\MiKTeX\tex/latex/auxhook\auxhook.sty
Package: auxhook 2019-12-17 v1.6 Hooks for auxiliary files (HO)
)))
(C:\Users\Windows\AppData\Local\Programs\MiKTeX\tex/latex/pgf/systemlayer\pgfsy
s.sty
(C:\Users\Windows\AppData\Local\Programs\MiKTeX\tex/latex/pgf/utilities\pgfrcs.
sty
(C:\Users\Windows\AppData\Local\Programs\MiKTeX\tex/generic/pgf/utilities\pgfut
il-common.tex
\pgfutil@everybye=\toks21
\pgfutil@tempdima=\dimen151
\pgfutil@tempdimb=\dimen152
)
(C:\Users\Windows\AppData\Local\Programs\MiKTeX\tex/generic/pgf/utilities\pgfut
il-latex.def
\pgfutil@abb=\box57
)
(C:\Users\Windows\AppData\Local\Programs\MiKTeX\tex/generic/pgf/utilities\pgfrc
s.code.tex
(C:\Users\Windows\AppData\Local\Programs\MiKTeX\tex/generic/pgf\pgf.revision.te
x)
Package: pgfrcs 2025-08-29 v3.1.11a (3.1.11a)
))
(C:\Users\Windows\AppData\Local\Programs\MiKTeX\tex/generic/pgf/systemlayer\pgf
sys.code.tex
Package: pgfsys 2025-08-29 v3.1.11a (3.1.11a)

(C:\Users\Windows\AppData\Local\Programs\MiKTeX\tex/generic/pgf/utilities\pgfke
ys.code.tex
\pgfkeys@pathtoks=\toks22
\pgfkeys@temptoks=\toks23

(C:\Users\Windows\AppData\Local\Programs\MiKTeX\tex/generic/pgf/utilities\pgfke
yslibraryfiltered.code.tex
\pgfkeys@tmptoks=\toks24
))
\pgf@x=\dimen153
\pgf@y=\dimen154
\pgf@xa=\dimen155
\pgf@ya=\dimen156
\pgf@xb=\dimen157
\pgf@yb=\dimen158
\pgf@xc=\dimen159
\pgf@yc=\dimen160
\pgf@xd=\dimen161
\pgf@yd=\dimen162
\w@pgf@writea=\write4
\r@pgf@reada=\read3
\c@pgf@counta=\count415
\c@pgf@countb=\count416
\c@pgf@countc=\count417
\c@pgf@countd=\count418
\t@pgf@toka=\toks25
\t@pgf@tokb=\toks26
\t@pgf@tokc=\toks27
\pgf@sys@id@count=\count419

(C:\Users\Windows\AppData\Local\Programs\MiKTeX\tex/generic/pgf/systemlayer\pgf
.cfg
File: pgf.cfg 2025-08-29 v3.1.11a (3.1.11a)
)
Driver file for pgf: pgfsys-pdftex.def

(C:\Users\Windows\AppData\Local\Programs\MiKTeX\tex/generic/pgf/systemlayer\pgf
sys-pdftex.def
File: pgfsys-pdftex.def 2025-08-29 v3.1.11a (3.1.11a)

(C:\Users\Windows\AppData\Local\Programs\MiKTeX\tex/generic/pgf/systemlayer\pgf
sys-common-pdf.def
File: pgfsys-common-pdf.def 2025-08-29 v3.1.11a (3.1.11a)
)))
(C:\Users\Windows\AppData\Local\Programs\MiKTeX\tex/generic/pgf/systemlayer\pgf
syssoftpath.code.tex
File: pgfsyssoftpath.code.tex 2025-08-29 v3.1.11a (3.1.11a)
\pgfsyssoftpath@smallbuffer@items=\count420
\pgfsyssoftpath@bigbuffer@items=\count421
)
(C:\Users\Windows\AppData\Local\Programs\MiKTeX\tex/generic/pgf/systemlayer\pgf
sysprotocol.code.tex
File: pgfsysprotocol.code.tex 2025-08-29 v3.1.11a (3.1.11a)
))
\@quotelevel=\count422
\@quotereset=\count423


LaTeX Warning: Unused global option(s):
    [openany].

(main.aux)
\openout1 = `main.aux'.

LaTeX Font Info:    Checking defaults for OML/cmm/m/it on input line 26.
LaTeX Font Info:    ... okay on input line 26.
LaTeX Font Info:    Checking defaults for OMS/cmsy/m/n on input line 26.
LaTeX Font Info:    ... okay on input line 26.
LaTeX Font Info:    Checking defaults for OT1/cmr/m/n on input line 26.
LaTeX Font Info:    ... okay on input line 26.
LaTeX Font Info:    Checking defaults for T1/cmr/m/n on input line 26.
LaTeX Font Info:    ... okay on input line 26.
LaTeX Font Info:    Checking defaults for TS1/cmr/m/n on input line 26.
LaTeX Font Info:    ... okay on input line 26.
LaTeX Font Info:    Checking defaults for OMX/cmex/m/n on input line 26.
LaTeX Font Info:    ... okay on input line 26.
LaTeX Font Info:    Checking defaults for U/cmr/m/n on input line 26.
LaTeX Font Info:    ... okay on input line 26.

(C:\Users\Windows\AppData\Local\Programs\MiKTeX\tex/context/base/mkii\supp-pdf.
mkii
[Loading MPS to PDF converter (version 2006.09.02).]
\scratchcounter=\count424
\scratchdimen=\dimen163
\scratchbox=\box58
\nofMPsegments=\count425
\nofMParguments=\count426
\everyMPshowfont=\toks28
\MPscratchCnt=\count427
\MPscratchDim=\dimen164
\MPnumerator=\count428
\makeMPintoPDFobject=\count429
\everyMPtoPDFconversion=\toks29
)
(C:\Users\Windows\AppData\Local\Programs\MiKTeX\tex/latex/epstopdf-pkg\epstopdf
-base.sty
Package: epstopdf-base 2020-01-24 v2.11 Base part for package epstopdf
Package epstopdf-base Info: Redefining graphics rule for `.eps' on input line 4
85.

(C:\Users\Windows\AppData\Local\Programs\MiKTeX\tex/latex/00miktex\epstopdf-sys
.cfg
File: epstopdf-sys.cfg 2021/03/18 v2.0 Configuration of epstopdf for MiKTeX
))
Package biblatex Info: Trying to load language 'english'...
Package biblatex Info: ... file 'english.lbx' found.

(C:\Users\Windows\AppData\Local\Programs\MiKTeX\tex/latex/biblatex/lbx\english.
lbx
File: english.lbx 2025/07/10 v3.21 biblatex localization (PK/MW)
)
Package biblatex Info: Input encoding 'utf8' detected.
Package biblatex Info: Automatic encoding selection.
(biblatex)             Assuming data encoding 'utf8'.
\openout3 = `main.bcf'.

Package biblatex Info: Trying to load bibliographic data...
Package biblatex Info: ... file 'main.bbl' not found.

No file main.bbl.
Package biblatex Info: Reference section=0 on input line 26.
Package biblatex Info: Reference segment=0 on input line 26.
LaTeX Font Info:    External font `cmex10' loaded for size
(Font)              <14.4> on input line 28.
LaTeX Font Info:    External font `cmex10' loaded for size
(Font)              <7> on input line 28.

LaTeX Warning: No \author given.

[1

{C:/Users/Windows/AppData/Local/MiKTeX/fonts/map/pdftex/pdftex.map}]
(main.toc
LaTeX Font Info:    External font `cmex10' loaded for size
(Font)              <12> on input line 3.
LaTeX Font Info:    External font `cmex10' loaded for size
(Font)              <8> on input line 3.
LaTeX Font Info:    External font `cmex10' loaded for size
(Font)              <6> on input line 3.
)
\tf@toc=\write5
\openout5 = `main.toc'.

 [2] (Introduzione.tex
Underfull \hbox (badness 10000) in paragraph at lines 3--8

 []

) (ClassDiagram.tex [3]
<Immagini/Bozza-UML(6).drawio.png, id=17, 1437.87187pt x 772.38562pt>
File: Immagini/Bozza-UML(6).drawio.png Graphic file (type png)
<use Immagini/Bozza-UML(6).drawio.png>
Package pdftex.def Info: Immagini/Bozza-UML(6).drawio.png  used on input line 1
0.
(pdftex.def)             Requested size: 592.01053pt x 318.01193pt.
 [4

 <./Immagini/Bozza-UML(6).drawio.png>]
Underfull \hbox (badness 10000) in paragraph at lines 20--21

 []


Underfull \hbox (badness 10000) in paragraph at lines 22--25

 []


Underfull \hbox (badness 10000) in paragraph at lines 26--28

 []


Underfull \hbox (badness 10000) in paragraph at lines 29--30

 []

[5


]

Package svg Warning: You didn't enable `shell escape' (or `write18')
(svg)                so it wasn't possible to launch the Inkscape export
(svg)                for `Immagini/UmlSpecifico.svg' on input line 42.


! Package svg Error: File `UmlSpecifico_svg-tex.pdf' is missing.

See the svg package documentation for explanation.
Type  H <return>  for immediate help.
 ...                                              
                                                  
l.42 		]{Immagini/UmlSpecifico}
                               
Did you run the export with Inkscape? There's no file
`./svg-inkscape/UmlSpecifico_svg-tex.pdf'
although `Immagini/UmlSpecifico.svg' was found.


! Package svg Error: File `UmlSpecifico_svg-tex.pdf_tex' is missing.

See the svg package documentation for explanation.
Type  H <return>  for immediate help.
 ...                                              
                                                  
l.42 		]{Immagini/UmlSpecifico}
                               
Did you run the export with Inkscape? There's no file
`./svg-inkscape/UmlSpecifico_svg-tex.pdf_tex'
although `Immagini/UmlSpecifico.svg' was found.

[6

]) [7


] (UseCaseDiagram.tex
<Immagini/UseCaseDiagram.png, id=33, 886.31125pt x 1065.9825pt>
File: Immagini/UseCaseDiagram.png Graphic file (type png)
<use Immagini/UseCaseDiagram.png>
Package pdftex.def Info: Immagini/UseCaseDiagram.png  used on input line 10.
(pdftex.def)             Requested size: 462.69672pt x 556.48145pt.

Overfull \hbox (207.50787pt too wide) in paragraph at lines 4--12
[][]
 []


Overfull \vbox (17.22478pt too high) has occurred while \output is active []


[8 <./Immagini/UseCaseDiagram.png>]
<Immagini/UseCase1.png, id=38, 606.01407pt x 453.94594pt>
File: Immagini/UseCase1.png Graphic file (type png)
<use Immagini/UseCase1.png>
Package pdftex.def Info: Immagini/UseCase1.png  used on input line 25.
(pdftex.def)             Requested size: 387.25587pt x 290.08325pt.

Overfull \hbox (207.50787pt too wide) in paragraph at lines 19--26
 [][] 
 []

<Immagini/UseCase2.png, id=39, 564.60938pt x 604.50844pt>
File: Immagini/UseCase2.png Graphic file (type png)
<use Immagini/UseCase2.png>
Package pdftex.def Info: Immagini/UseCase2.png  used on input line 35.
(pdftex.def)             Requested size: 276.46286pt x 296.0pt.

Overfull \hbox (207.50787pt too wide) in paragraph at lines 29--36
 [][] 
 []

<Immagini/UseCase3.png, id=40, 612.03656pt x 584.1825pt>
File: Immagini/UseCase3.png Graphic file (type png)
<use Immagini/UseCase3.png>
Package pdftex.def Info: Immagini/UseCase3.png  used on input line 49.
(pdftex.def)             Requested size: 303.92561pt x 290.08325pt.

Overfull \hbox (207.50787pt too wide) in paragraph at lines 43--50
 [][] 
 []

<Immagini/UseCase4.png, id=41, 612.03656pt x 564.60938pt>
File: Immagini/UseCase4.png Graphic file (type png)
<use Immagini/UseCase4.png>
Package pdftex.def Info: Immagini/UseCase4.png  used on input line 59.
(pdftex.def)             Requested size: 320.8664pt x 296.0pt.

Overfull \hbox (207.50787pt too wide) in paragraph at lines 53--60
 [][] 
 []

[9

 <./Immagini/UseCase1.png> <./Immagini/UseCase2.png>]
<Immagini/UseCase5.png, id=47, 656.4525pt x 517.18219pt>
File: Immagini/UseCase5.png Graphic file (type png)
<use Immagini/UseCase5.png>
Package pdftex.def Info: Immagini/UseCase5.png  used on input line 74.
(pdftex.def)             Requested size: 368.21188pt x 290.08325pt.

Overfull \hbox (207.50787pt too wide) in paragraph at lines 68--75
 [][] 
 []

<Immagini/UseCase6.png, id=48, 657.2053pt x 539.76656pt>
File: Immagini/UseCase6.png Graphic file (type png)
<use Immagini/UseCase6.png>
Package pdftex.def Info: Immagini/UseCase6.png  used on input line 84.
(pdftex.def)             Requested size: 360.41107pt x 296.0pt.

Overfull \hbox (207.50787pt too wide) in paragraph at lines 78--85
 [][] 
 []

[10 <./Immagini/UseCase3.png> <./Immagini/UseCase4.png>]
<Immagini/UseCase7.png, id=54, 656.4525pt x 580.41844pt>
File: Immagini/UseCase7.png Graphic file (type png)
<use Immagini/UseCase7.png>
Package pdftex.def Info: Immagini/UseCase7.png  used on input line 99.
(pdftex.def)             Requested size: 328.0852pt x 290.08325pt.

Overfull \hbox (207.50787pt too wide) in paragraph at lines 93--100
 [][] 
 []

<Immagini/UseCase8.png, id=55, 657.95813pt x 560.8453pt>
File: Immagini/UseCase8.png Graphic file (type png)
<use Immagini/UseCase8.png>
Package pdftex.def Info: Immagini/UseCase8.png  used on input line 109.
(pdftex.def)             Requested size: 347.25037pt x 296.0pt.

Overfull \hbox (207.50787pt too wide) in paragraph at lines 103--110
 [][] 
 []

[11 <./Immagini/UseCase5.png> <./Immagini/UseCase6.png>]
<Immagini/UseCase9.png, id=61, 655.69969pt x 490.08093pt>
File: Immagini/UseCase9.png Graphic file (type png)
<use Immagini/UseCase9.png>
Package pdftex.def Info: Immagini/UseCase9.png  used on input line 124.
(pdftex.def)             Requested size: 388.12012pt x 290.08325pt.

Overfull \hbox (207.50787pt too wide) in paragraph at lines 118--125
 [][] 
 []

<Immagini/UseCase10.png, id=62, 657.95813pt x 555.57562pt>
File: Immagini/UseCase10.png Graphic file (type png)
<use Immagini/UseCase10.png>
Package pdftex.def Info: Immagini/UseCase10.png  used on input line 134.
(pdftex.def)             Requested size: 350.5534pt x 296.0pt.

Overfull \hbox (207.50787pt too wide) in paragraph at lines 128--135
 [][] 
 []

[12 <./Immagini/UseCase7.png> <./Immagini/UseCase8.png>]
<Immagini/UseCase11.png, id=68, 655.69969pt x 645.91313pt>
File: Immagini/UseCase11.png Graphic file (type png)
<use Immagini/UseCase11.png>
Package pdftex.def Info: Immagini/UseCase11.png  used on input line 149.
(pdftex.def)             Requested size: 294.47183pt x 290.08325pt.

Overfull \hbox (207.50787pt too wide) in paragraph at lines 143--150
 [][] 
 []

<Immagini/UseCase12.png, id=69, 611.28375pt x 641.39626pt>
File: Immagini/UseCase12.png Graphic file (type png)
<use Immagini/UseCase12.png>
Package pdftex.def Info: Immagini/UseCase12.png  used on input line 159.
(pdftex.def)             Requested size: 282.10802pt x 296.0pt.

Overfull \hbox (207.50787pt too wide) in paragraph at lines 153--160
 [][] 
 []

[13 <./Immagini/UseCase9.png> <./Immagini/UseCase10.png>]
<Immagini/UseCase13.png, id=76, 654.19406pt x 558.58687pt>
File: Immagini/UseCase13.png Graphic file (type png)
<use Immagini/UseCase13.png>
Package pdftex.def Info: Immagini/UseCase13.png  used on input line 174.
(pdftex.def)             Requested size: 339.74365pt x 290.08325pt.

Overfull \hbox (207.50787pt too wide) in paragraph at lines 168--175
 [][] 
 []

<Immagini/UseCase13a.png, id=77, 658.71094pt x 497.60907pt>
File: Immagini/UseCase13a.png Graphic file (type png)
<use Immagini/UseCase13a.png>
Package pdftex.def Info: Immagini/UseCase13a.png  used on input line 184.
(pdftex.def)             Requested size: 391.83234pt x 296.0pt.

Overfull \hbox (207.50787pt too wide) in paragraph at lines 178--185
 [][] 
 []

[14 <./Immagini/UseCase11.png> <./Immagini/UseCase12.png>]
<Immagini/UseCase13b.png, id=83, 655.69969pt x 553.31718pt>
File: Immagini/UseCase13b.png Graphic file (type png)
<use Immagini/UseCase13b.png>
Package pdftex.def Info: Immagini/UseCase13b.png  used on input line 199.
(pdftex.def)             Requested size: 343.75723pt x 290.08325pt.

Overfull \hbox (207.50787pt too wide) in paragraph at lines 193--200
 [][] 
 []

<Immagini/UseCase14.png, id=84, 660.21657pt x 573.64313pt>
File: Immagini/UseCase14.png Graphic file (type png)
<use Immagini/UseCase14.png>
Package pdftex.def Info: Immagini/UseCase14.png  used on input line 209.
(pdftex.def)             Requested size: 340.67517pt x 296.0pt.

Overfull \hbox (207.50787pt too wide) in paragraph at lines 203--210
 [][] 
 []

[15 <./Immagini/UseCase13.png> <./Immagini/UseCase13a.png>]) [16 <./Immagini/Us
eCase13b.png> <./Immagini/UseCase14.png>] (SequenceDiagram.tex
<Immagini/SequenceDiagram11.png, id=95, 1138.2525pt x 1275.76625pt>
File: Immagini/SequenceDiagram11.png Graphic file (type png)
<use Immagini/SequenceDiagram11.png>
Package pdftex.def Info: Immagini/SequenceDiagram11.png  used on input line 10.

(pdftex.def)             Requested size: 485.93065pt x 544.63892pt.

Overfull \hbox (207.50787pt too wide) in paragraph at lines 4--11
[][] 
 []


Overfull \vbox (18.38225pt too high) has occurred while \output is active []


[17 <./Immagini/SequenceDiagram11.png>]
<Immagini/SequenceDiagram33.png, id=100, 745.78625pt x 1107.13625pt>
File: Immagini/SequenceDiagram33.png Graphic file (type png)
<use Immagini/SequenceDiagram33.png>
Package pdftex.def Info: Immagini/SequenceDiagram33.png  used on input line 23.

(pdftex.def)             Requested size: 390.80397pt x 580.15717pt.

Overfull \hbox (207.50787pt too wide) in paragraph at lines 16--24
[][] 
 []


Overfull \vbox (15.65717pt too high) has occurred while \output is active []


[18 <./Immagini/SequenceDiagram33.png>]
Underfull \hbox (badness 10000) in paragraph at lines 28--29

 []


Underfull \hbox (badness 10000) in paragraph at lines 30--31

 []


Underfull \hbox (badness 10000) in paragraph at lines 34--35

 []


Underfull \hbox (badness 10000) in paragraph at lines 36--37

 []

[19]) [20

] (ActivityDiagram.tex
<Immagini/ActivityDiagram_11.png, id=112, 1357.07pt x 1396.21625pt>
File: Immagini/ActivityDiagram_11.png Graphic file (type png)
<use Immagini/ActivityDiagram_11.png>
Package pdftex.def Info: Immagini/ActivityDiagram_11.png  used on input line 10
.
(pdftex.def)             Requested size: 529.35872pt x 544.63892pt.

Overfull \hbox (207.50787pt too wide) in paragraph at lines 4--11
[][] 
 []


Overfull \vbox (18.38225pt too high) has occurred while \output is active []


[21 <./Immagini/ActivityDiagram_11.png>]
<Immagini/ActivityDiagram_22.png, id=117, 1146.2825pt x 939.51pt>
File: Immagini/ActivityDiagram_22.png Graphic file (type png)
<use Immagini/ActivityDiagram_22.png>
Package pdftex.def Info: Immagini/ActivityDiagram_22.png  used on input line 22
.
(pdftex.def)             Requested size: 585.55835pt x 479.93222pt.

Overfull \hbox (98.5848pt too wide) in paragraph at lines 17--23
 []|  [] 
 []


Underfull \hbox (badness 10000) in paragraph at lines 27--28

 []


Underfull \hbox (badness 10000) in paragraph at lines 29--30

 []

[22 <./Immagini/ActivityDiagram_22.png>]
Overfull \hbox (1.43205pt too wide) in paragraph at lines 33--34
[]\OT1/cmr/m/n/12 Registrazione di una seg-nalazione: il paziente sceglie il ti
po di seg-nalazione
 []


Underfull \hbox (badness 10000) in paragraph at lines 33--34

 []


Underfull \hbox (badness 10000) in paragraph at lines 35--36

 []

) [23] (ArchitecturalStylesAndPatterns.tex
Overfull \hbox (2.55984pt too wide) in paragraph at lines 13--17
\OT1/cmr/m/n/12 Il Busi-ness Logic Layer com-prende le classi del do-minio, tra
 cui User, Paziente,
 []

[24])
Overfull \hbox (3.88202pt too wide) in paragraph at lines 20--43
\OT1/cmr/m/n/12 dati e di avere un unico punto di ges-tione della per-sis-tenza
 du-rante l'esecuzione
 []

[25] [26] (Testing.tex
Overfull \hbox (9.87067pt too wide) in paragraph at lines 7--8
\OT1/cmr/m/n/12 zato una sola volta prima dell'esecuzione dei test tramite \OT1
/cmtt/m/n/12 Platform.startup()\OT1/cmr/m/n/12 .
 []

LaTeX Font Info:    Font shape `OT1/cmtt/bx/n' in size <12> not available
(Font)              Font shape `OT1/cmtt/m/n' tried instead on input line 13.

Overfull \hbox (20.13815pt too wide) in paragraph at lines 15--16
\OT1/cmr/m/n/12 La classe \OT1/cmtt/m/n/12 SessionTest \OT1/cmr/m/n/12 ver-i-fi
ca il cor-retto fun-zion-a-mento della ses-sione dell'utente
 []

[27]
Overfull \hbox (56.36375pt too wide) in paragraph at lines 30--31
[]\OT1/cmtt/m/n/12 verificaAssunzioniGiornaliereNonInviaPromSeTutteLeAssunzSono
Fatte()\OT1/cmr/m/n/12 :
 []


Overfull \hbox (50.18875pt too wide) in paragraph at lines 32--33
[]\OT1/cmtt/m/n/12 verificaAssunzioniGiornaliereInviaPromemoriaSeMancaUnaAssunz
ione()\OT1/cmr/m/n/12 :
 []


Overfull \hbox (56.36375pt too wide) in paragraph at lines 34--35
[]\OT1/cmtt/m/n/12 verificaAssunzioniGiornaliereInviaPromemoriaSeNonCiSonoAssun
zioni()\OT1/cmr/m/n/12 :
 []


Overfull \hbox (44.01375pt too wide) in paragraph at lines 36--37
[]\OT1/cmtt/m/n/12 verificaAssunzioniGiornaliereNonInviaDueVolteLoStessoPromemo
ria()\OT1/cmr/m/n/12 :
 []


Overfull \hbox (25.48874pt too wide) in paragraph at lines 38--39
[]\OT1/cmtt/m/n/12 verificaAssunzioniGiornaliereIgnoraLeAssunzioniDiAltriGiorni
()\OT1/cmr/m/n/12 :
 []


Overfull \hbox (25.48874pt too wide) in paragraph at lines 40--41
[]\OT1/cmtt/m/n/12 verificaAssunzioniGiornaliereGestiscePiuTerapieSeparatamente
()\OT1/cmr/m/n/12 :
 []


Overfull \hbox (6.41624pt too wide) in paragraph at lines 42--43
[]\OT1/cmtt/m/n/12 verificaAderenzaTerapiaInviaAlertDopoTreGiorniMancati()\OT1/
cmr/m/n/12 : ver-
 []


Overfull \hbox (31.66374pt too wide) in paragraph at lines 44--45
[]\OT1/cmtt/m/n/12 verificaAderenzaTerapiaNonInviaAlertConMenoDiTreGiorniMancat
i()\OT1/cmr/m/n/12 :
 []


Overfull \hbox (0.78873pt too wide) in paragraph at lines 46--47
[]\OT1/cmtt/m/n/12 verificaAderenzaTerapiaNonInviaAlertSeLaTerapiaECompleta()\O
T1/cmr/m/n/12 :
 []

[28]
Overfull \hbox (9.48532pt too wide) in paragraph at lines 50--51
[]\OT1/cmtt/m/n/12 verificaAderenzaTerapiaControllaTreGiorniDiversi()\OT1/cmr/m
/n/12 : al-ter-nanza
 []


Overfull \hbox (14.13368pt too wide) in paragraph at lines 52--53
[]\OT1/cmtt/m/n/12 verificaGlicemiaPrePastoSotto70InviaAlertHigh()\OT1/cmr/m/n/
12 : ril-e-vazione pre-
 []


Overfull \hbox (10.74033pt too wide) in paragraph at lines 54--55
[]\OT1/cmtt/m/n/12 verificaGlicemiaPrePastoA70InviaAlertLow()\OT1/cmr/m/n/12 : 
ril-e-vazione pre-pasto
 []


Overfull \hbox (10.74033pt too wide) in paragraph at lines 56--57
[]\OT1/cmtt/m/n/12 verificaGlicemiaPrePastoA79InviaAlertLow()\OT1/cmr/m/n/12 : 
ril-e-vazione pre-pasto
 []


Overfull \hbox (10.74033pt too wide) in paragraph at lines 58--59
[]\OT1/cmtt/m/n/12 verificaGlicemiaPrePastoA80NonInviaAlert()\OT1/cmr/m/n/12 : 
ril-e-vazione pre-pasto
 []


Overfull \hbox (16.91533pt too wide) in paragraph at lines 60--61
[]\OT1/cmtt/m/n/12 verificaGlicemiaPrePastoA130NonInviaAlert()\OT1/cmr/m/n/12 :
 ril-e-vazione pre-pasto
 []


Overfull \hbox (7.95868pt too wide) in paragraph at lines 62--63
[]\OT1/cmtt/m/n/12 verificaGlicemiaPrePastoA131InviaAlertMedium()\OT1/cmr/m/n/1
2 : ril-e-vazione pre-
 []


Overfull \hbox (7.95868pt too wide) in paragraph at lines 64--65
[]\OT1/cmtt/m/n/12 verificaGlicemiaPrePastoA249InviaAlertMedium()\OT1/cmr/m/n/1
2 : ril-e-vazione pre-
 []


Overfull \hbox (1.2225pt too wide) in paragraph at lines 70--71
[]\OT1/cmtt/m/n/12 verificaGlicemiaPostPastoA180NonInviaAlert()\OT1/cmr/m/n/12 
: ril-e-vazione post-
 []

[29]
Overfull \hbox (19.74751pt too wide) in paragraph at lines 72--73
[]\OT1/cmtt/m/n/12 verificaGlicemiaPostPastoA181InviaAlertMedium()\OT1/cmr/m/n/
12 : ril-e-vazione post-
 []


Overfull \hbox (19.74751pt too wide) in paragraph at lines 74--75
[]\OT1/cmtt/m/n/12 verificaGlicemiaPostPastoA249InviaAlertMedium()\OT1/cmr/m/n/
12 : ril-e-vazione post-
 []


Overfull \hbox (7.3975pt too wide) in paragraph at lines 76--77
[]\OT1/cmtt/m/n/12 verificaGlicemiaPostPastoA250InviaAlertHigh()\OT1/cmr/m/n/12
 : ril-e-vazione post-
 []


Overfull \hbox (6.96373pt too wide) in paragraph at lines 80--81
[]\OT1/cmtt/m/n/12 verificaTuttiIPazientiNonControllaPazientiDiUnAltroMedico()\
OT1/cmr/m/n/12 :
 []


Overfull \hbox (12.10904pt too wide) in paragraph at lines 82--83
[]\OT1/cmtt/m/n/12 verificaTuttiIPazientiGestiscePazienteSenzaTerapie()\OT1/cmr
/m/n/12 : pre-senza
 []


Overfull \hbox (33.83263pt too wide) in paragraph at lines 95--96
[]\OT1/cmtt/m/n/12 addPazienteNonAggiungeDuplicatiConStessoCodiceFiscale()\OT1/
cmr/m/n/12 : creazione
 []

[30]
Overfull \hbox (0.78873pt too wide) in paragraph at lines 97--98
[]\OT1/cmtt/m/n/12 addDiabetologoNonAggiungeDuplicatiConStessoCodiceFiscale()\O
T1/cmr/m/n/12 :
 []


Overfull \hbox (40.00763pt too wide) in paragraph at lines 99--100
[]\OT1/cmtt/m/n/12 addResponsabileNonAggiungeDuplicatiCodiceFiscaleUguale()\OT1
/cmr/m/n/12 : creazione
 []


Overfull \hbox (9.13261pt too wide) in paragraph at lines 101--102
[]\OT1/cmtt/m/n/12 addResponsabileNonAggiungeDuplicatiUsernameUguale()\OT1/cmr/
m/n/12 : creazione
 []


Overfull \hbox (46.18263pt too wide) in paragraph at lines 103--104
[]\OT1/cmtt/m/n/12 getTerapieByPazienteRestituisceSoloLeTerapieDelPaziente()\OT
1/cmr/m/n/12 : creazione
 []


Overfull \hbox (46.18263pt too wide) in paragraph at lines 105--106
[]\OT1/cmtt/m/n/12 getAssunzioniByPazienteRestituisceSoloQuelleDelPaziente()\OT
1/cmr/m/n/12 : creazione
 []


Overfull \hbox (0.78873pt too wide) in paragraph at lines 107--108
[]\OT1/cmtt/m/n/12 getRilevazioniByPazienteRestituisceSoloQuelleDelPaziente()\O
T1/cmr/m/n/12 :
 []


Overfull \hbox (6.96373pt too wide) in paragraph at lines 109--110
[]\OT1/cmtt/m/n/12 getSegnalazioniByPazienteRestituisceSoloQuelleDelPaziente()\
OT1/cmr/m/n/12 :
 []


Overfull \hbox (19.95808pt too wide) in paragraph at lines 113--114
[]\OT1/cmtt/m/n/12 loginRestituisceNullConPasswordErrata()\OT1/cmr/m/n/12 : in-
ser-i-mento di un paziente
 []


Overfull \hbox (3.10396pt too wide) in paragraph at lines 117--118
[]\OT1/cmtt/m/n/12 loginFunzionaAncheConUnResponsabile()\OT1/cmr/m/n/12 : in-se
r-i-mento di un re-spon-
 []


Overfull \hbox (2.74915pt too wide) in paragraph at lines 119--120
[]\OT1/cmtt/m/n/12 getMessaggioFromMedicoRitornaMessaggiDelMedico()\OT1/cmr/m/n
/12 : in-ser-i-mento
 []

[31]
Overfull \hbox (10.28444pt too wide) in paragraph at lines 123--124
[]\OT1/cmtt/m/n/12 pazienteVieneAssociatoAlDiabetologo()\OT1/cmr/m/n/12 : as-so
-ci-azione di un paziente
 []


Overfull \hbox (15.09915pt too wide) in paragraph at lines 129--130
[]\OT1/cmtt/m/n/12 eliminazionePazienteRimuoveIlPazienteDalDatabase()\OT1/cmr/m
/n/12 : in-ser-i-mento
 []


Overfull \hbox (21.27415pt too wide) in paragraph at lines 131--132
[]\OT1/cmtt/m/n/12 eliminazioneDiabetologoRimuoveIlMedicoDalDatabase()\OT1/cmr/
m/n/12 : in-ser-i-mento
 []


Overfull \hbox (2.05637pt too wide) in paragraph at lines 133--134
[]\OT1/cmtt/m/n/12 diabetologoConPazientiNonDovrebbeEssereEliminabile()\OT1/cmr
/m/n/12 : as-so-ci-
 []


Overfull \hbox (8.92415pt too wide) in paragraph at lines 135--136
[]\OT1/cmtt/m/n/12 usernameEsistenteRiconosceUnUsernameGiaPresente()\OT1/cmr/m/
n/12 : in-ser-i-mento
 []


Overfull \hbox (21.27415pt too wide) in paragraph at lines 139--140
[]\OT1/cmtt/m/n/12 addAssunzioneAggiungeCorrettaAssunzioneAlDatabase()\OT1/cmr/
m/n/12 : in-ser-i-mento
 []


Overfull \hbox (2.74915pt too wide) in paragraph at lines 141--142
[]\OT1/cmtt/m/n/12 updateAssunzioneSostituisceLElementoNellaLista()\OT1/cmr/m/n
/12 : in-ser-i-mento
 []

[32]
Overfull \hbox (11.0625pt too wide) in paragraph at lines 143--144
\OT1/cmr/m/n/12 tivo di mod-i-fi-care un'assunzione non pre-sente per ver-i-fi-
care che il database
 []


Overfull \hbox (2.61754pt too wide) in paragraph at lines 145--146
[]\OT1/cmtt/m/n/12 addRilevazioneAggiungeCorrettaRilevazioneAlDatabase()\OT1/cm
r/m/n/12 : in-ser-
 []


Overfull \hbox (8.92415pt too wide) in paragraph at lines 147--148
[]\OT1/cmtt/m/n/12 updateRilevazioneSostituisceLElementoNellaLista()\OT1/cmr/m/
n/12 : in-ser-i-mento
 []


Overfull \hbox (0.5413pt too wide) in paragraph at lines 151--152
[]\OT1/cmtt/m/n/12 addSegnalazioneAggiungeCorrettaSegnalazioneAlDatabase()\OT1/
cmr/m/n/12 : in-
 []


Overfull \hbox (15.09915pt too wide) in paragraph at lines 153--154
[]\OT1/cmtt/m/n/12 updateSegnalazioneSostituisceLElementoNellaLista()\OT1/cmr/m
/n/12 : in-ser-i-mento
 []


Overfull \hbox (0.89401pt too wide) in paragraph at lines 155--156
[]\OT1/cmtt/m/n/12 updateSegnalazioneNonFaNienteSeLElementoNonEPresente()\OT1/c
mr/m/n/12 : ten-
 []


Overfull \hbox (8.79254pt too wide) in paragraph at lines 157--158
[]\OT1/cmtt/m/n/12 deleteAssunzioneRimuoveCorrettaAssunzioneDalDatabase()\OT1/c
mr/m/n/12 : in-ser-
 []


Overfull \hbox (6.71631pt too wide) in paragraph at lines 159--160
[]\OT1/cmtt/m/n/12 deleteRilevazioneRimuoveCorrettaRilevazioneDalDatabase()\OT1
/cmr/m/n/12 : in-
 []


Overfull \hbox (0.78873pt too wide) in paragraph at lines 161--162
[]\OT1/cmtt/m/n/12 deleteSegnalazioneRimuoveCorrettaSegnalazioneDalDatabase()\O
T1/cmr/m/n/12 :
 []

[33]
Overfull \hbox (31.66374pt too wide) in paragraph at lines 169--170
[]\OT1/cmtt/m/n/12 modificaTerapiaPazienteConTerapiaGiaEsistenteNonCreaDuplicat
i()\OT1/cmr/m/n/12 :
 []


Overfull \hbox (2.24062pt too wide) in paragraph at lines 171--172
[]\OT1/cmtt/m/n/12 assegnaTerapiaAggiungeIlPazienteAllaTerapia()\OT1/cmr/m/n/12
 : as-seg-nazione di
 []


Overfull \hbox (8.36298pt too wide) in paragraph at lines 173--174
[]\OT1/cmtt/m/n/12 assegnaTerapiaNonDuplicaUnPazienteGiaAssegnato()\OT1/cmr/m/n
/12 : as-seg-nazione
 []


Overfull \hbox (0.78873pt too wide) in paragraph at lines 175--176
[]\OT1/cmtt/m/n/12 rimuoverePazienteDaTerapiaNonRimuoveLaTerapiaDalDatabase()\O
T1/cmr/m/n/12 :
 []


Overfull \hbox (30.2687pt too wide) in paragraph at lines 177--178
[]\OT1/cmtt/m/n/12 rimuoverePazienteDaTerapiaLasciaLaTerapiaNelDatabase()\OT1/c
mr/m/n/12 : ri-mozione
 []


Overfull \hbox (6.96373pt too wide) in paragraph at lines 181--182
[]\OT1/cmtt/m/n/12 removeTerapiaRimuoveLaTerapiaAncheDalleTerapieDelPaziente()\
OT1/cmr/m/n/12 :
 []


Overfull \hbox (8.92415pt too wide) in paragraph at lines 183--184
[]\OT1/cmtt/m/n/12 getLogsByPazienteRestituisceSoloIlogDelPaziente()\OT1/cmr/m/
n/12 : in-ser-i-mento
 []


Overfull \hbox (2.80179pt too wide) in paragraph at lines 185--186
[]\OT1/cmtt/m/n/12 getLogsByAutoreRestituisceSoloILogDellAutore()\OT1/cmr/m/n/1
2 : in-ser-i-mento di
 []

[34]
Overfull \hbox (6.9532pt too wide) in paragraph at lines 187--188
[]\OT1/cmtt/m/n/12 updatePazienteAggiornaLeInformazioniPersonali()\OT1/cmr/m/n/
12 : mod-i-fica delle
 []


Underfull \hbox (badness 10000) in paragraph at lines 199--200

 []


Overfull \hbox (19.70856pt too wide) in paragraph at lines 204--205
[]\OT1/cmtt/m/n/12 aperturaDiabetologoCaricaCorrettaLaSchermata()\OT1/cmr/m/n/1
2 : cari-ca-mento della
 []


Overfull \hbox (15.09915pt too wide) in paragraph at lines 206--207
[]\OT1/cmtt/m/n/12 ricercaPerNomeMostraSoloIlPazienteCorrispondente()\OT1/cmr/m
/n/12 : in-ser-i-mento
 []


Overfull \hbox (2.61754pt too wide) in paragraph at lines 208--209
[]\OT1/cmtt/m/n/12 ricercaPerCognomeMostraSoloIlPazienteCorrispondente()\OT1/cm
r/m/n/12 : in-ser-
 []


Overfull \hbox (0.5413pt too wide) in paragraph at lines 210--211
[]\OT1/cmtt/m/n/12 ricercaPerCodiceFiscaleMostraIlPazienteCorrispondente()\OT1/
cmr/m/n/12 : in-
 []

[35]
Overfull \hbox (25.62035pt too wide) in paragraph at lines 216--217
[]\OT1/cmtt/m/n/12 modificaDelTestoDiRicercaAggiornaAutomaticamenteLaLista()\OT
1/cmr/m/n/12 : mod-
 []


Overfull \hbox (2.80179pt too wide) in paragraph at lines 218--219
[]\OT1/cmtt/m/n/12 listaVisualizzaSoloIPazientiSeguitiDalMedico()\OT1/cmr/m/n/1
2 : in-ser-i-mento di
 []


Overfull \hbox (8.92415pt too wide) in paragraph at lines 224--225
[]\OT1/cmtt/m/n/12 andamentoVisualizzaCorrettaRilevazioneDelGiorno()\OT1/cmr/m/
n/12 : in-ser-i-mento
 []


Underfull \hbox (badness 10000) in paragraph at lines 232--233

 []


Overfull \hbox (16.53317pt too wide) in paragraph at lines 234--235
[]\OT1/cmr/m/n/12 La classe \OT1/cmtt/m/n/12 TerapiePazienteTest \OT1/cmr/m/n/1
2 ver-i-fica la ges-tione delle ter-apie del paziente,
 []

[36]
Overfull \hbox (16.4068pt too wide) in paragraph at lines 237--238
[]\OT1/cmtt/m/n/12 visualizzaCorrettamenteTerapiePaziente()\OT1/cmr/m/n/12 : cr
eazione e as-seg-nazione
 []


Overfull \hbox (12.30386pt too wide) in paragraph at lines 241--242
[]\OT1/cmtt/m/n/12 pulsanteAggiungiMostraSceltaTerapia()\OT1/cmr/m/n/12 : pres-
sione del pul-sante ``Ag-
 []


Overfull \hbox (12.95975pt too wide) in paragraph at lines 247--248
[]\OT1/cmtt/m/n/12 pulsanteSalvaInserisceTerapiaNelDatabase()\OT1/cmr/m/n/12 : 
com-pi-lazione dei dati
 []


Underfull \hbox (badness 10000) in paragraph at lines 257--258

 []

[37]
Overfull \hbox (11.46996pt too wide) in paragraph at lines 262--263
[]\OT1/cmtt/m/n/12 pulsanteFattoriRischioApreMenuESelezionaFattore()\OT1/cmr/m/
n/12 : aper-tura del
 []


Overfull \hbox (13.27034pt too wide) in paragraph at lines 268--269
[]\OT1/cmtt/m/n/12 salvataggioModificaFattoriECampiTestualiCreaUnSoloLog()\OT1/
cmr/m/n/12 : mod-
 []


Overfull \hbox (46.90384pt too wide) in paragraph at lines 272--273
[]\OT1/cmtt/m/n/12 pulsanteStoricoApreStoricoDelleModifiche()\OT1/cmr/m/n/12 : 
mod-i-fica di un'informazione
 []


Overfull \hbox (3.22083pt too wide) in paragraph at lines 276--277
[]\OT1/cmtt/m/n/12 aggiornamentoDopoUndoCreaNuovaModifica()\OT1/cmr/m/n/12 : mo
d-i-fica del paziente,
 []

[38]
Underfull \hbox (badness 10000) in paragraph at lines 284--285

 []


Overfull \hbox (0.5413pt too wide) in paragraph at lines 291--292
[]\OT1/cmtt/m/n/12 ricercaPerMittenteMostraSoloIlMessaggioCorrispondente()\OT1/
cmr/m/n/12 : in-
 []


Overfull \hbox (33.12721pt too wide) in paragraph at lines 293--294
[]\OT1/cmtt/m/n/12 ricercaPerMittenteNonFaDifferenzaTraMaiuscoleEMinuscole()\OT
1/cmr/m/n/12 : ricerca
 []


Overfull \hbox (13.13873pt too wide) in paragraph at lines 305--306
[]\OT1/cmtt/m/n/12 aperturaDiUnMessaggioGiaLettoNonEsegueNuovamenteIlCallback()
\OT1/cmr/m/n/12 :
 []

[39]
Overfull \hbox (19.44534pt too wide) in paragraph at lines 307--308
[]\OT1/cmtt/m/n/12 aperturaDiUnMessaggioNonLettoEsegueIlCallbackNotifiche()\OT1
/cmr/m/n/12 : aper-
 []


Overfull \hbox (1.14038pt too wide) in paragraph at lines 309--310
\OT1/cmr/m/n/12 sag-gio ad alta ur-genza per ver-i-fi-care che il rel-a-tivo li
v-ello venga mostrato
 []


Overfull \hbox (6.19514pt too wide) in paragraph at lines 311--312
[]\OT1/cmtt/m/n/12 aperturaMessaggioVisualizzaMittenteETestoCompleto()\OT1/cmr/
m/n/12 : aper-tura
 []


Underfull \hbox (badness 10000) in paragraph at lines 319--320

 []


Overfull \hbox (21.88797pt too wide) in paragraph at lines 326--327
[]\OT1/cmtt/m/n/12 inserimentoRilevazioneValidaInserisceTuttiICampi()\OT1/cmr/m
/n/12 : com-pi-lazione
 []


Overfull \hbox (0.5413pt too wide) in paragraph at lines 328--329
[]\OT1/cmtt/m/n/12 salvataggioRilevazioneAggiungeCorrettamenteAlDatabase()\OT1/
cmr/m/n/12 : in-
 []


Overfull \hbox (19.41902pt too wide) in paragraph at lines 330--331
[]\OT1/cmtt/m/n/12 salvataggioRilevazioneSenzaCampiNonInserisceNelDatabase()\OT
1/cmr/m/n/12 : ten-
 []


Overfull \hbox (44.01375pt too wide) in paragraph at lines 332--333
[]\OT1/cmtt/m/n/12 salvataggioRilevazioneConUnCampoMancanteNonInserisceNelDatab
ase()\OT1/cmr/m/n/12 :
 []

[40]
Overfull \hbox (15.71297pt too wide) in paragraph at lines 339--340
[]\OT1/cmtt/m/n/12 inserimentoAssunzioneValidaInserisceTuttiICampi()\OT1/cmr/m/
n/12 : com-pi-lazione
 []


Overfull \hbox (8.79254pt too wide) in paragraph at lines 341--342
[]\OT1/cmtt/m/n/12 salvataggioAssunzioneAggiungeCorrettamenteAlDatabase()\OT1/c
mr/m/n/12 : in-ser-
 []


Overfull \hbox (13.24402pt too wide) in paragraph at lines 343--344
[]\OT1/cmtt/m/n/12 salvataggioAssunzioneSenzaCampiNonInserisceNelDatabase()\OT1
/cmr/m/n/12 : ten-
 []


Overfull \hbox (37.83875pt too wide) in paragraph at lines 345--346
[]\OT1/cmtt/m/n/12 salvataggioAssunzioneConUnCampoMancanteNonInserisceNelDataba
se()\OT1/cmr/m/n/12 :
 []


Overfull \hbox (9.6264pt too wide) in paragraph at lines 345--346
\OT1/cmr/m/n/12 com-pi-lazione di tutti i dati tranne la ter-apia per ver-i-fi-
care che l'assunzione
 []


Overfull \hbox (3.3598pt too wide) in paragraph at lines 352--353
\OT1/cmr/m/n/12 lazione di una seg-nalazione val-ida per ver-i-fi-care che date
, testo e paziente
 []


Overfull \hbox (6.71631pt too wide) in paragraph at lines 354--355
[]\OT1/cmtt/m/n/12 salvataggioSegnalazioneAggiungeCorrettamenteAlDatabase()\OT1
/cmr/m/n/12 : in-
 []


Overfull \hbox (0.78873pt too wide) in paragraph at lines 356--357
[]\OT1/cmtt/m/n/12 salvataggioSegnalazioneSenzaCampiNonInserisceNelDatabase()\O
T1/cmr/m/n/12 :
 []


Overfull \hbox (50.18875pt too wide) in paragraph at lines 358--359
[]\OT1/cmtt/m/n/12 salvataggioSegnalazioneConUnCampoMancanteNonInserisceNelData
base()\OT1/cmr/m/n/12 :
 []

[41]
Underfull \hbox (badness 10000) in paragraph at lines 371--372

 []


Overfull \hbox (14.00418pt too wide) in paragraph at lines 378--379
[]\OT1/cmtt/m/n/12 aperturaStoricoCaricaCorrettaLaSchermata()\OT1/cmr/m/n/12 : 
aper-tura dello storico
 []


Overfull \hbox (38.99268pt too wide) in paragraph at lines 382--383
[]\OT1/cmtt/m/n/12 storicoVisualizzaCorrettaUnaAssunzione()\OT1/cmr/m/n/12 : in
-ser-i-mento di un'assunzione
 []


Overfull \hbox (2.74915pt too wide) in paragraph at lines 391--392
[]\OT1/cmtt/m/n/12 ricercaDataMostraSoloGliElementiCorrispondenti()\OT1/cmr/m/n
/12 : in-ser-i-mento
 []


Overfull \hbox (6.43204pt too wide) in paragraph at lines 400--401
[]\OT1/cmtt/m/n/12 pulsanteModificaRilevazioneSalvaModifica()\OT1/cmr/m/n/12 : 
aper-tura della mod-
 []

[42]
Overfull \hbox (37.83875pt too wide) in paragraph at lines 402--403
[]\OT1/cmtt/m/n/12 pulsanteModificaRilevazioneSenzaSalvareMantieneValoreOrigina
le()\OT1/cmr/m/n/12 :
 []


Overfull \hbox (0.25703pt too wide) in paragraph at lines 404--405
[]\OT1/cmtt/m/n/12 pulsanteModificaAssunzioneSalvaModifica()\OT1/cmr/m/n/12 : a
per-tura della mod-
 []


Overfull \hbox (31.66374pt too wide) in paragraph at lines 406--407
[]\OT1/cmtt/m/n/12 pulsanteModificaAssunzioneSenzaSalvareMantieneValoreOriginal
e()\OT1/cmr/m/n/12 :
 []


Overfull \hbox (12.60704pt too wide) in paragraph at lines 408--409
[]\OT1/cmtt/m/n/12 pulsanteModificaSegnalazioneSalvaModifica()\OT1/cmr/m/n/12 :
 aper-tura della mod-
 []


Overfull \hbox (44.01375pt too wide) in paragraph at lines 410--411
[]\OT1/cmtt/m/n/12 pulsanteModificaSegnalazioneSenzaSalvareMantieneValoreOrigin
ale()\OT1/cmr/m/n/12 :
 []


Overfull \hbox (5.52869pt too wide) in paragraph at lines 417--418
[]\OT1/cmtt/m/n/12 pulsanteEliminaRilevazioneRimuoveElementoDalDatabase()\OT1/c
mr/m/n/12 : pres-
 []


Overfull \hbox (11.70369pt too wide) in paragraph at lines 421--422
[]\OT1/cmtt/m/n/12 pulsanteEliminaSegnalazioneRimuoveElementoDalDatabase()\OT1/
cmr/m/n/12 : pres-
 []

[43]
Underfull \hbox (badness 10000) in paragraph at lines 429--430

 []


Overfull \hbox (0.5571pt too wide) in paragraph at lines 436--437
[]\OT1/cmtt/m/n/12 inizializzaProfiloVisualizzaNomeECognome()\OT1/cmr/m/n/12 : 
in-izial-iz-zazione del
 []


Overfull \hbox (13.13873pt too wide) in paragraph at lines 438--439
[]\OT1/cmtt/m/n/12 aggiornaListeVisualizzaTuttiGliUtentiQuandoLaRicercaEVuota()
\OT1/cmr/m/n/12 :
 []


Overfull \hbox (5.31812pt too wide) in paragraph at lines 438--439
\OT1/cmr/m/n/12 in-ser-i-mento di medici e pazi-enti e ricerca vuota per ver-i-
fi-care che vengano
 []


Overfull \hbox (24.19899pt too wide) in paragraph at lines 440--441
[]\OT1/cmtt/m/n/12 ricercaPerNomeMostraSoloLaPersonaCorrispondente()\OT1/cmr/m/
n/12 : ricerca tramite
 []


Overfull \hbox (18.02399pt too wide) in paragraph at lines 442--443
[]\OT1/cmtt/m/n/12 ricercaPerCognomeMostraLaPersonaCorrispondente()\OT1/cmr/m/n
/12 : ricerca tramite
 []


Overfull \hbox (5.02121pt too wide) in paragraph at lines 444--445
[]\OT1/cmtt/m/n/12 ricercaNonFaDifferenzaTraMaiuscoleEMinuscole()\OT1/cmr/m/n/1
2 : ricerca con let-
 []


Overfull \hbox (9.96964pt too wide) in paragraph at lines 448--449
[]\OT1/cmtt/m/n/12 ricercaSenzaRisultatiLasciaVuotiIContainer()\OT1/cmr/m/n/12 
: ricerca di una per-
 []


Overfull \hbox (25.62035pt too wide) in paragraph at lines 450--451
[]\OT1/cmtt/m/n/12 modificaDelTestoDiRicercaAggiornaAutomaticamenteLeListe()\OT
1/cmr/m/n/12 : mod-
 []

[44]
Overfull \hbox (6.71841pt too wide) in paragraph at lines 452--453
[]\OT1/cmtt/m/n/12 boxPersonaContieneAvatarNomeEModificaElimina()\OT1/cmr/m/n/1
2 : vi-su-al-iz-zazione
 []


Overfull \hbox (21.27415pt too wide) in paragraph at lines 454--455
[]\OT1/cmtt/m/n/12 pulsanteEliminaPazienteRimuoveElementoDalDatabase()\OT1/cmr/
m/n/12 : in-ser-i-mento
 []


Overfull \hbox (8.79254pt too wide) in paragraph at lines 456--457
[]\OT1/cmtt/m/n/12 pulsanteEliminaDiabetologoRimuoveElementoDalDatabase()\OT1/c
mr/m/n/12 : in-ser-
 []


Underfull \hbox (badness 10000) in paragraph at lines 460--461

 []


Overfull \hbox (1.45729pt too wide) in paragraph at lines 465--466
[]\OT1/cmtt/m/n/12 inizializzazioneDiabetologoPrecompilaICampi()\OT1/cmr/m/n/12
 : in-izial-iz-zazione
 []


Overfull \hbox (9.69589pt too wide) in paragraph at lines 467--468
[]\OT1/cmtt/m/n/12 inizializzazionePazientePrecompilaICampi()\OT1/cmr/m/n/12 : 
in-izial-iz-zazione della
 []


Overfull \hbox (12.89131pt too wide) in paragraph at lines 469--470
[]\OT1/cmtt/m/n/12 inizializzazioneDiabetologoConfiguraCorrettaInterfaccia()\OT
1/cmr/m/n/12 : in-
 []


Overfull \hbox (15.25497pt too wide) in paragraph at lines 471--472
[]\OT1/cmtt/m/n/12 inizializzazionePazienteConfiguraCorrettaInterfaccia()\OT1/c
mr/m/n/12 : in-izial-
 []


Overfull \hbox (9.07997pt too wide) in paragraph at lines 473--474
[]\OT1/cmtt/m/n/12 inizializzazionePazientePreselezionaIlMedicoAttuale()\OT1/cm
r/m/n/12 : in-izial-
 []


Overfull \hbox (6.96373pt too wide) in paragraph at lines 475--476
[]\OT1/cmtt/m/n/12 inizializzazioneDiabetologoSelezionaIPazientiGiaAssociati()\
OT1/cmr/m/n/12 :
 []

[45]
Overfull \hbox (0.92033pt too wide) in paragraph at lines 481--482
[]\OT1/cmtt/m/n/12 modificaCredenzialiPazientePermetteDiCambiareMedico()\OT1/cm
r/m/n/12 : mod-
 []


Overfull \hbox (0.53078pt too wide) in paragraph at lines 483--484
[]\OT1/cmtt/m/n/12 modificaDiabetologoAggiornaLeAssociazioni()\OT1/cmr/m/n/12 :
 mod-i-fica di un di-
 []


Underfull \hbox (badness 10000) in paragraph at lines 487--488

 []


Overfull \hbox (6.71631pt too wide) in paragraph at lines 492--493
[]\OT1/cmtt/m/n/12 inizializzazioneComeMedicoConfiguraCorrettaInterfaccia()\OT1
/cmr/m/n/12 : in-
 []


Overfull \hbox (0.78873pt too wide) in paragraph at lines 494--495
[]\OT1/cmtt/m/n/12 inizializzazioneComePazienteConfiguraCorrettaInterfaccia()\O
T1/cmr/m/n/12 :
 []


Overfull \hbox (15.09915pt too wide) in paragraph at lines 496--497
[]\OT1/cmtt/m/n/12 inizializzazionePazienteCaricaIMediciNelComboBox()\OT1/cmr/m
/n/12 : in-ser-i-mento
 []


Overfull \hbox (3.01025pt too wide) in paragraph at lines 500--501
[]\OT1/cmtt/m/n/12 checkboxPazienteContieneIlPazienteComeUserData()\OT1/cmr/m/n
/12 : creazione di
 []

[46]
Overfull \hbox (0.60974pt too wide) in paragraph at lines 506--507
[]\OT1/cmtt/m/n/12 handleConfermaInserisceUnNuovoPaziente()\OT1/cmr/m/n/12 : co
m-pi-lazione dei dati
 []


Overfull \hbox (9.69589pt too wide) in paragraph at lines 508--509
[]\OT1/cmtt/m/n/12 handleConfermaNonInserisceSeMancaUnCampo()\OT1/cmr/m/n/12 : 
com-pi-lazione in-com-
 []


Overfull \hbox (2.74915pt too wide) in paragraph at lines 510--511
[]\OT1/cmtt/m/n/12 handleConfermaNonInserisceUsernameGiaEsistente()\OT1/cmr/m/n
/12 : in-ser-i-mento
 []

) [47] (main.aux)
 ***********
LaTeX2e <2025-11-01>
L3 programming layer <2025-12-24>
 ***********


LaTeX Warning: Label(s) may have changed. Rerun to get cross-references right.

Package logreq Info: Writing requests to 'main.run.xml'.
\openout1 = `main.run.xml'.

 ) 
Here is how much of TeX's memory you used:
 12419 strings out of 467870
 249734 string characters out of 5417388
 1104762 words of memory out of 5000000
 41112 multiletter control sequences out of 15000+600000
 633395 words of font info for 59 fonts, out of 8000000 for 9000
 1141 hyphenation exceptions out of 8191
 94i,7n,93p,1186b,803s stack positions out of 10000i,1000n,20000p,200000b,200000s
 <C:\Users\Windows\AppData\Local\MiKTeX\fonts/pk/ljfour/jknappen/ec/dpi600\tc
rm1200.pk><C:/Users/Windows/AppData/Local/Programs/MiKTeX/fonts/type1/public/am
sfonts/cm/cmbx12.pfb><C:/Users/Windows/AppData/Local/Programs/MiKTeX/fonts/type
1/public/amsfonts/cm/cmr12.pfb><C:/Users/Windows/AppData/Local/Programs/MiKTeX/
fonts/type1/public/amsfonts/cm/cmr17.pfb><C:/Users/Windows/AppData/Local/Progra
ms/MiKTeX/fonts/type1/public/amsfonts/cm/cmtt12.pfb>
Output written on main.pdf (47 pages, 815740 bytes).
PDF statistics:
 227 PDF objects out of 1000 (max. 8388607)
 0 named destinations out of 1000 (max. 500000)
 123 words of extra memory for PDF output out of 10000 (max. 10000000)

